// Jest Snapshot v1, https://goo.gl/fbAQLP

exports[`AutoComplete invoking withStateHandlers successfully 1`] = `ShallowWrapper {}`;

exports[`AutoComplete renders properly 1`] = `ShallowWrapper {}`;
