// Jest Snapshot v1, https://goo.gl/fbAQLP

exports[`Keypad renders properly 1`] = `ShallowWrapper {}`;
