// Jest Snapshot v1, https://goo.gl/fbAQLP

exports[`InputText renders properly 1`] = `ShallowWrapper {}`;
